// Jest Snapshot v1, https://goo.gl/fbAQLP

exports[`renders homepage unchanged 1`] = `
Array [
  <div>
    <canvas
      height={0}
      style={
        Object {
          "bottom": 0,
          "left": 0,
          "pointerEvents": "none",
          "position": "absolute",
          "right": 0,
          "top": 0,
          "visibility": "hidden",
          "zIndex": 2,
        }
      }
      width={0}
    />
    <div
      className="css-13472xl"
    >
      <div
        className="css-w2otz0"
      >
        <div
          className="css-1dylgbt"
        >
          <div
            className="css-16c5fzj"
          >
            <div
              className="css-70qvj9"
            >
              <img
                alt="Developer DAO logo"
                className="chakra-image css-unb7qf"
                src="assets/devdao-logo.svg"
              />
            </div>
          </div>
          <div
            className="css-1id13ok"
          >
            <h1
              className="chakra-heading css-1nyswaf"
            >
              Airdrop
            </h1>
            <p
              className="chakra-text css-1a46olu"
            >
              $CODE is the new governance token for Developer DAO. Connect your wallet to determine your airdrop eligibility.
            </p>
            <div
              className="css-obc5ee"
            >
              <div
                className="css-170yw0x"
              >
                <div
                  className="chakra-stack css-1y5q8ss"
                >
                  <button
                    className="chakra-button css-jdzci2"
                    onClick={[Function]}
                    type="button"
                  >
                    CONNECT WALLET
                  </button>
                </div>
              </div>
              <button
                className="chakra-button css-1yl2sr6"
                type="button"
              >
                LEARN MORE
              </button>
            </div>
          </div>
          <div
            className="css-1mmifiz"
          />
        </div>
        <div
          className="css-14diwl5"
        >
          <div
            className="css-ixvcpa"
          />
          <div
            className="chakra-offset-slide"
            style={
              Object {
                "opacity": 0,
                "transform": "translateX(0px) translateY(20px) translateZ(0)",
              }
            }
          >
            <div
              className="css-uyuamr"
            >
              <div
                box-shadow="inset 0px 0px 100px rgba(255, 255, 255, 0.25)"
                className="css-1wro70b"
              >
                <div
                  className="css-19kzrtu"
                >
                  <div
                    className="css-70qvj9"
                  >
                    <div
                      className="css-9vdwij"
                    />
                    <div
                      className="css-16xm8g5"
                    >
                      <p
                        className="chakra-text css-13hayda"
                      >
                        
                      </p>
                    </div>
                  </div>
                </div>
                <div
                  className="css-1tm2m9e"
                >
                  <div
                    className="css-1f7ccr8"
                  />
                  <div
                    className="css-1eyj61a"
                  >
                    <div
                      className="css-j7qwjs"
                    >
                      <div
                        className="css-xokn3q"
                      >
                        <p
                          className="chakra-text css-811q2t"
                        >
                          Minted D4R NFT
                        </p>
                        <div
                          className="css-17xejub"
                        />
                        <p
                          className="chakra-text css-11ob47e"
                        >
                          0
                        </p>
                      </div>
                    </div>
                  </div>
                  <div
                    className="css-1eyj61a"
                  >
                    <div
                      className="css-j7qwjs"
                    >
                      <div
                        className="css-xokn3q"
                      >
                        <p
                          className="chakra-text css-811q2t"
                        >
                          Pre Season 0 activity
                        </p>
                        <div
                          className="css-17xejub"
                        />
                        <p
                          className="chakra-text css-11ob47e"
                        >
                          0
                        </p>
                      </div>
                    </div>
                  </div>
                  <div
                    className="css-1eyj61a"
                  >
                    <div
                      className="css-j7qwjs"
                    >
                      <div
                        className="css-xokn3q"
                      >
                        <p
                          className="chakra-text css-811q2t"
                        >
                          Early Contributor
                        </p>
                        <div
                          className="css-17xejub"
                        />
                        <p
                          className="chakra-text css-11ob47e"
                        >
                          0
                        </p>
                      </div>
                    </div>
                  </div>
                  <div
                    className="css-fxny4"
                  />
                  <div
                    className="css-0"
                  >
                    <div
                      className="css-j7qwjs"
                    >
                      <div
                        className="css-xokn3q"
                      >
                        <p
                          className="chakra-text css-1b9z593"
                        >
                          $CODE allocation
                        </p>
                        <div
                          className="css-17xejub"
                        />
                        <p
                          className="chakra-text css-2fnuyl"
                        >
                          0
                        </p>
                      </div>
                    </div>
                  </div>
                </div>
                <div
                  className="css-1ibed16"
                >
                  <div
                    className="css-1fh5nm1"
                  />
                </div>
              </div>
            </div>
          </div>
        </div>
      </div>
    </div>
  </div>,
  <span />,
]
`;
